#-----------------------------------------------------------
# Vivado v2025.2 (64-bit)
# SW Build 6299465 on Fri Nov 14 19:35:11 GMT 2025
# IP Build 6300035 on Fri Nov 14 10:48:45 MST 2025
# SharedData Build 6298862 on Thu Nov 13 04:50:51 MST 2025
# Start of session at: Tue Feb 17 12:41:17 2026
# Process ID         : 11864
# Current directory  : C:/Users/Admin/Desktop/Bharat_ARM_Challenge/zynq_cnn_basek/zynq_cnn_basek.runs/system_processing_system7_0_2_synth_1
# Command line       : vivado.exe -log system_processing_system7_0_2.vds -product Vivado -mode batch -messageDb vivado.pb -notrace -source system_processing_system7_0_2.tcl
# Log file           : C:/Users/Admin/Desktop/Bharat_ARM_Challenge/zynq_cnn_basek/zynq_cnn_basek.runs/system_processing_system7_0_2_synth_1/system_processing_system7_0_2.vds
# Journal file       : C:/Users/Admin/Desktop/Bharat_ARM_Challenge/zynq_cnn_basek/zynq_cnn_basek.runs/system_processing_system7_0_2_synth_1\vivado.jou
# Running On         : DESKTOP-NPTK7VQ
# Platform           : Windows Server 2016 or Windows 10
# Operating System   : 26200
# Processor Detail   : 12th Gen Intel(R) Core(TM) i5-1235U
# CPU Frequency      : 2496 MHz
# CPU Physical cores : 10
# CPU Logical cores  : 12
# Host memory        : 8259 MB
# Swap memory        : 12884 MB
# Total Virtual      : 21144 MB
# Available Virtual  : 4117 MB
#-----------------------------------------------------------
source system_processing_system7_0_2.tcl -notrace
