15:52:09 **** Incremental Build of configuration Debug for project cnn_fpga_test ****
make all 
make --no-print-directory pre-build
a9-linaro-pre-build-step
' '
make --no-print-directory main-build
'Building file: ../src/main.cpp'
'Invoking: ARM v7 g++ compiler'
arm-none-eabi-g++ -Wall -O0 -g3 -c -fmessage-length=0 -MT"src/main.o" -mcpu=cortex-a9 -mfpu=vfpv3 -mfloat-abi=hard -IC:/MNIST_Project/zedboard_fpga_platform/export/zedboard_fpga_platform/sw/zedboard_fpga_platform/standalone_domain/bspinclude/include -MMD -MP -MF"src/main.d" -MT"src/main.o" -o "src/main.o" "../src/main.cpp"
In file included from ../src/main.cpp:9:
C:/MNIST_Project/zedboard_fpga_platform/export/zedboard_fpga_platform/sw/zedboard_fpga_platform/standalone_domain/bspinclude/include/xtime_l.h:65:70: note: #pragma message: For the sleep routines, Global timer is being used
   65 | #pragma message ("For the sleep routines, Global timer is being used")
      |                                                                      ^
../src/main.cpp: In function 'double run_fpga_inference(float (*)[28], float*)':
../src/main.cpp:333:48: warning: 'tEnd' may be used uninitialized in this function [-Wmaybe-uninitialized]
  333 |     double elapsed_ms = 1000.0 * (double)(tEnd - tStart) /
      |                                          ~~~~~~^~~~~~~~~
'Finished building: ../src/main.cpp'
' '
'Building target: cnn_fpga_test.elf'
'Invoking: ARM v7 g++ linker'
arm-none-eabi-g++ -mcpu=cortex-a9 -mfpu=vfpv3 -mfloat-abi=hard -Wl,-build-id=none -specs=Xilinx.spec -Wl,-T -Wl,../src/lscript.ld -LC:/MNIST_Project/zedboard_fpga_platform/export/zedboard_fpga_platform/sw/zedboard_fpga_platform/standalone_domain/bsplib/lib -o "cnn_fpga_test.elf"  ./src/main.o   -Wl,--start-group,-lxil,-lgcc,-lc,-lstdc++,--end-group
'Finished building target: cnn_fpga_test.elf'
' '
'Invoking: ARM v7 Print Size'
arm-none-eabi-size cnn_fpga_test.elf  |tee "cnn_fpga_test.elf.size"
   text	   data	    bss	    dec	    hex	filename
  47124	  26424	  27696	 101244	  18b7c	cnn_fpga_test.elf
'Finished building: cnn_fpga_test.elf.size'
' '

15:52:10 Build Finished (took 1s.455ms)

