11:22:09 **** Build of configuration Debug for project mnist_cnn ****
make all 
make --no-print-directory pre-build
a9-linaro-pre-build-step
' '
make --no-print-directory main-build
'Building file: ../src/main.cpp'
'Invoking: ARM v7 g++ compiler'
arm-none-eabi-g++ -Wall -O0 -g3 -c -fmessage-length=0 -MT"src/main.o" -mcpu=cortex-a9 -mfpu=vfpv3 -mfloat-abi=hard -IC:/MNIST_Project/zynq_platform/export/zynq_platform/sw/zynq_platform/standalone_domain/bspinclude/include -MMD -MP -MF"src/main.d" -MT"src/main.o" -o "src/main.o" "../src/main.cpp"
In file included from ../src/main.cpp:7:
C:/MNIST_Project/zynq_platform/export/zynq_platform/sw/zynq_platform/standalone_domain/bspinclude/include/xtime_l.h:65:70: note: #pragma message: For the sleep routines, Global timer is being used
   65 | #pragma message ("For the sleep routines, Global timer is being used")
      |                                                                      ^
'Finished building: ../src/main.cpp'
' '
'Building target: mnist_cnn.elf'
'Invoking: ARM v7 g++ linker'
arm-none-eabi-g++ -mcpu=cortex-a9 -mfpu=vfpv3 -mfloat-abi=hard -Wl,-build-id=none -specs=Xilinx.spec -Wl,-T -Wl,../src/lscript.ld -LC:/MNIST_Project/zynq_platform/export/zynq_platform/sw/zynq_platform/standalone_domain/bsplib/lib -o "mnist_cnn.elf"  ./src/main.o   -Wl,--start-group,-lxil,-lgcc,-lc,-lstdc++,--end-group
'Finished building target: mnist_cnn.elf'
' '
'Invoking: ARM v7 Print Size'
arm-none-eabi-size mnist_cnn.elf  |tee "mnist_cnn.elf.size"
   text	   data	    bss	    dec	    hex	filename
  38236	  26376	  60672	 125284	  1e964	mnist_cnn.elf
'Finished building: mnist_cnn.elf.size'
' '

11:22:10 Build Finished (took 1s.302ms)

